1520495636
subvol          ./create_ops                    uuid=c065a6aa-c53c-624e-8f10-a2b080b9e580 transid=2797
chown           ./create_ops/                   gid=0 uid=0
chmod           ./create_ops/                   mode=755
utimes          ./create_ops/                   atime=2018-03-07T23:53:56-0800 mtime=2018-03-07T23:53:56-0800 ctime=2018-03-07T23:53:56-0800
mkdir           ./create_ops/o257-2795-0
rename          ./create_ops/o257-2795-0        dest=./create_ops/hello
utimes          ./create_ops/                   atime=2018-03-07T23:53:56-0800 mtime=2018-03-07T23:53:56-0800 ctime=2018-03-07T23:53:56-0800
set_xattr       ./create_ops/hello              name=user.test_attr data=chickens len=8
set_xattr       ./create_ops/hello              name=security.selinux data=user_u:object_r:base_t len=23
chown           ./create_ops/hello              gid=0 uid=0
chmod           ./create_ops/hello              mode=755
utimes          ./create_ops/hello              atime=2018-03-07T23:53:56-0800 mtime=2018-03-07T23:53:56-0800 ctime=2018-03-07T23:53:57-0800
mkdir           ./create_ops/o258-2795-0
rename          ./create_ops/o258-2795-0        dest=./create_ops/dir_to_remove
utimes          ./create_ops/                   atime=2018-03-07T23:53:56-0800 mtime=2018-03-07T23:53:56-0800 ctime=2018-03-07T23:53:56-0800
set_xattr       ./create_ops/dir_to_remove      name=security.selinux data=user_u:object_r:base_t len=23
chown           ./create_ops/dir_to_remove      gid=0 uid=0
chmod           ./create_ops/dir_to_remove      mode=755
utimes          ./create_ops/dir_to_remove      atime=2018-03-07T23:53:56-0800 mtime=2018-03-07T23:53:56-0800 ctime=2018-03-07T23:53:56-0800
mkfile          ./create_ops/o259-2795-0
rename          ./create_ops/o259-2795-0        dest=./create_ops/goodbye
link            ./create_ops/hello/world        dest=goodbye
utimes          ./create_ops/                   atime=2018-03-07T23:53:56-0800 mtime=2018-03-07T23:53:56-0800 ctime=2018-03-07T23:53:56-0800
utimes          ./create_ops/hello              atime=2018-03-07T23:53:56-0800 mtime=2018-03-07T23:53:56-0800 ctime=2018-03-07T23:53:57-0800
set_xattr       ./create_ops/goodbye            name=security.selinux data=user_u:object_r:base_t len=23
truncate        ./create_ops/goodbye            size=0
chown           ./create_ops/goodbye            gid=0 uid=0
chmod           ./create_ops/goodbye            mode=644
utimes          ./create_ops/goodbye            atime=2018-03-07T23:53:56-0800 mtime=2018-03-07T23:53:56-0800 ctime=2018-03-07T23:53:56-0800
mknod           ./create_ops/o260-2795-0        mode=60600 dev=0x7a539b7
rename          ./create_ops/o260-2795-0        dest=./create_ops/buffered
utimes          ./create_ops/                   atime=2018-03-07T23:53:56-0800 mtime=2018-03-07T23:53:56-0800 ctime=2018-03-07T23:53:56-0800
set_xattr       ./create_ops/buffered           name=security.selinux data=user_u:object_r:base_t len=23
chown           ./create_ops/buffered           gid=0 uid=0
chmod           ./create_ops/buffered           mode=600
utimes          ./create_ops/buffered           atime=2018-03-07T23:53:56-0800 mtime=2018-03-07T23:53:56-0800 ctime=2018-03-07T23:53:56-0800
mknod           ./create_ops/o261-2795-0        mode=20644 dev=0x7a539b7
rename          ./create_ops/o261-2795-0        dest=./create_ops/unbuffered
utimes          ./create_ops/                   atime=2018-03-07T23:53:56-0800 mtime=2018-03-07T23:53:56-0800 ctime=2018-03-07T23:53:56-0800
set_xattr       ./create_ops/unbuffered         name=security.selinux data=user_u:object_r:base_t len=23
chown           ./create_ops/unbuffered         gid=0 uid=0
chmod           ./create_ops/unbuffered         mode=644
utimes          ./create_ops/unbuffered         atime=2018-03-07T23:53:56-0800 mtime=2018-03-07T23:53:56-0800 ctime=2018-03-07T23:53:56-0800
mkfifo          ./create_ops/o262-2795-0
rename          ./create_ops/o262-2795-0        dest=./create_ops/fifo
utimes          ./create_ops/                   atime=2018-03-07T23:53:56-0800 mtime=2018-03-07T23:53:56-0800 ctime=2018-03-07T23:53:56-0800
set_xattr       ./create_ops/fifo               name=security.selinux data=user_u:object_r:base_t len=23
chown           ./create_ops/fifo               gid=0 uid=0
chmod           ./create_ops/fifo               mode=644
utimes          ./create_ops/fifo               atime=2018-03-07T23:53:56-0800 mtime=2018-03-07T23:53:56-0800 ctime=2018-03-07T23:53:56-0800
mksock          ./create_ops/o263-2795-0
rename          ./create_ops/o263-2795-0        dest=./create_ops/unix_sock
utimes          ./create_ops/                   atime=2018-03-07T23:53:56-0800 mtime=2018-03-07T23:53:56-0800 ctime=2018-03-07T23:53:56-0800
set_xattr       ./create_ops/unix_sock          name=security.selinux data=user_u:object_r:base_t len=23
chown           ./create_ops/unix_sock          gid=0 uid=0
chmod           ./create_ops/unix_sock          mode=755
utimes          ./create_ops/unix_sock          atime=2018-03-07T23:53:56-0800 mtime=2018-03-07T23:53:56-0800 ctime=2018-03-07T23:53:56-0800
symlink         ./create_ops/o264-2795-0        dest=hello/world
rename          ./create_ops/o264-2795-0        dest=./create_ops/goodbye_symbolic
utimes          ./create_ops/                   atime=2018-03-07T23:53:56-0800 mtime=2018-03-07T23:53:56-0800 ctime=2018-03-07T23:53:56-0800
set_xattr       ./create_ops/goodbye_symbolic   name=security.selinux data=user_u:object_r:base_t len=23
chown           ./create_ops/goodbye_symbolic   gid=0 uid=0
utimes          ./create_ops/goodbye_symbolic   atime=2018-03-07T23:53:56-0800 mtime=2018-03-07T23:53:56-0800 ctime=2018-03-07T23:53:56-0800
mkfile          ./create_ops/o265-2795-0
rename          ./create_ops/o265-2795-0        dest=./create_ops/1MB_nuls
utimes          ./create_ops/                   atime=2018-03-07T23:53:56-0800 mtime=2018-03-07T23:53:56-0800 ctime=2018-03-07T23:53:56-0800
set_xattr       ./create_ops/1MB_nuls           name=security.selinux data=user_u:object_r:base_t len=23
update_extent   ./create_ops/1MB_nuls           offset=0 len=1048576
truncate        ./create_ops/1MB_nuls           size=1048576
chown           ./create_ops/1MB_nuls           gid=0 uid=0
chmod           ./create_ops/1MB_nuls           mode=644
utimes          ./create_ops/1MB_nuls           atime=2018-03-07T23:53:56-0800 mtime=2018-03-07T23:53:56-0800 ctime=2018-03-07T23:53:56-0800
mkfile          ./create_ops/o266-2795-0
rename          ./create_ops/o266-2795-0        dest=./create_ops/1MB_nuls_clone
utimes          ./create_ops/                   atime=2018-03-07T23:53:56-0800 mtime=2018-03-07T23:53:56-0800 ctime=2018-03-07T23:53:56-0800
set_xattr       ./create_ops/1MB_nuls_clone     name=security.selinux data=user_u:object_r:base_t len=23
clone           ./create_ops/1MB_nuls_clone     offset=0 len=1048576 from=./create_ops/1MB_nuls clone_offset=0
truncate        ./create_ops/1MB_nuls_clone     size=1048576
chown           ./create_ops/1MB_nuls_clone     gid=0 uid=0
chmod           ./create_ops/1MB_nuls_clone     mode=644
utimes          ./create_ops/1MB_nuls_clone     atime=2018-03-07T23:53:56-0800 mtime=2018-03-07T23:53:56-0800 ctime=2018-03-07T23:53:56-0800
mkfile          ./create_ops/o267-2795-0
rename          ./create_ops/o267-2795-0        dest=./create_ops/zeros_hole_zeros
utimes          ./create_ops/                   atime=2018-03-07T23:53:56-0800 mtime=2018-03-07T23:53:56-0800 ctime=2018-03-07T23:53:56-0800
set_xattr       ./create_ops/zeros_hole_zeros   name=security.selinux data=user_u:object_r:base_t len=23
update_extent   ./create_ops/zeros_hole_zeros   offset=0 len=16384
update_extent   ./create_ops/zeros_hole_zeros   offset=32768 len=16384
truncate        ./create_ops/zeros_hole_zeros   size=49152
chown           ./create_ops/zeros_hole_zeros   gid=0 uid=0
chmod           ./create_ops/zeros_hole_zeros   mode=644
utimes          ./create_ops/zeros_hole_zeros   atime=2018-03-07T23:53:56-0800 mtime=2018-03-07T23:53:56-0800 ctime=2018-03-07T23:53:56-0800
snapshot        ./mutate_ops                    uuid=32f71a40-1253-da49-81fe-0c182ed6cb79 transid=2800 parent_uuid=c065a6aa-c53c-624e-8f10-a2b080b9e580 parent_transid=2797
utimes          ./mutate_ops/                   atime=2018-03-07T23:53:56-0800 mtime=2018-03-07T23:53:57-0800 ctime=2018-03-07T23:53:57-0800
rename          ./mutate_ops/hello              dest=./mutate_ops/hello_renamed
utimes          ./mutate_ops/                   atime=2018-03-07T23:53:56-0800 mtime=2018-03-07T23:53:57-0800 ctime=2018-03-07T23:53:57-0800
utimes          ./mutate_ops/                   atime=2018-03-07T23:53:56-0800 mtime=2018-03-07T23:53:57-0800 ctime=2018-03-07T23:53:57-0800
remove_xattr    ./mutate_ops/hello_renamed      name=user.test_attr
utimes          ./mutate_ops/hello_renamed      atime=2018-03-07T23:53:56-0800 mtime=2018-03-07T23:53:57-0800 ctime=2018-03-07T23:53:57-0800
rmdir           ./mutate_ops/dir_to_remove
utimes          ./mutate_ops/                   atime=2018-03-07T23:53:56-0800 mtime=2018-03-07T23:53:57-0800 ctime=2018-03-07T23:53:57-0800
link            ./mutate_ops/farewell           dest=goodbye
unlink          ./mutate_ops/goodbye
unlink          ./mutate_ops/hello_renamed/world
utimes          ./mutate_ops/                   atime=2018-03-07T23:53:56-0800 mtime=2018-03-07T23:53:57-0800 ctime=2018-03-07T23:53:57-0800
utimes          ./mutate_ops/                   atime=2018-03-07T23:53:56-0800 mtime=2018-03-07T23:53:57-0800 ctime=2018-03-07T23:53:57-0800
utimes          ./mutate_ops/hello_renamed      atime=2018-03-07T23:53:56-0800 mtime=2018-03-07T23:53:57-0800 ctime=2018-03-07T23:53:57-0800
truncate        ./mutate_ops/farewell           size=0
utimes          ./mutate_ops/farewell           atime=2018-03-07T23:53:56-0800 mtime=2018-03-07T23:53:56-0800 ctime=2018-03-07T23:53:57-0800
mkfile          ./mutate_ops/o268-2799-0
rename          ./mutate_ops/o268-2799-0        dest=./mutate_ops/hello_renamed/een
utimes          ./mutate_ops/hello_renamed      atime=2018-03-07T23:53:56-0800 mtime=2018-03-07T23:53:57-0800 ctime=2018-03-07T23:53:57-0800
set_xattr       ./mutate_ops/hello_renamed/een  name=security.selinux data=user_u:object_r:base_t len=23
write           ./mutate_ops/hello_renamed/een  offset=0 len=5
truncate        ./mutate_ops/hello_renamed/een  size=5
chown           ./mutate_ops/hello_renamed/een  gid=0 uid=0
chmod           ./mutate_ops/hello_renamed/een  mode=644
utimes          ./mutate_ops/hello_renamed/een  atime=2018-03-07T23:53:57-0800 mtime=2018-03-07T23:53:57-0800 ctime=2018-03-07T23:53:57-0800
1520495637
